2026-03-29 18:55:49.355 [INFO] utils.log: logging to file: logs\2026-03-29_15-55-49.log
2026-03-29 18:55:49.355 [INFO] __main__: starting polymarket bot — mode=paper
2026-03-29 18:55:49.361 [INFO] shared.ipc: IPC server listening on 127.0.0.1:19731
2026-03-29 18:55:49.511 [INFO] __main__: gamma API: reachable
2026-03-29 18:55:49.513 [INFO] risk.position_tracker: resumed paper state: daily_pnl=4.7962 total_pnl=4.7962 consecutive_losses=0
2026-03-29 18:55:49.513 [INFO] __main__: resumed paper balance: $1004.80
2026-03-29 18:55:49.513 [INFO] __main__: paper trading mode — orders will be simulated (balance=$1004.80)
2026-03-29 18:55:49.515 [INFO] __main__: momentum signal accepted: rank=1 side=down observe=[290->90]s min_delta=0.00% max_var=0.050% oos_wr=97.0% (33 matches) bh_p=6.34e-07 avg_entry=0.86 ev=0.1094
2026-03-29 18:55:49.771 [INFO] utils.reconnect: clob-market connected to wss://ws-subscriptions-clob.polymarket.com/ws/market
2026-03-29 18:55:49.877 [INFO] utils.reconnect: rtds connected to wss://ws-live-data.polymarket.com
2026-03-29 18:55:49.877 [INFO] market_data.rtds_ws: RTDS subscribed to chainlink
2026-03-29 18:55:50.584 [INFO] utils.reconnect: binance connected to wss://stream.binance.com:9443/stream?streams=btcusdt@trade/btcusdt@depth5@100ms
2026-03-29 18:55:51.533 [INFO] __main__: price feeds live: binance=66523.01 chainlink=66463.49 — waiting for depth stream
2026-03-29 18:55:51.533 [INFO] __main__: all feeds live: binance=66523.01 chainlink=66463.49 obi=0.5947
2026-03-29 18:55:51.533 [INFO] strategy.window_tracker: new window: btc-updown-5m-1774799700 (ts=1774799700)
2026-03-29 18:55:51.680 [INFO] __main__: window open price captured: 66463.49 (chainlink)
2026-03-29 18:55:51.769 [INFO] market_data.clob_market_ws: CLOB market subscribed for tokens up=115108657548 down=108250469371
2026-03-29 18:55:51.916 [INFO] __main__: status: t_remain=248s delta=0.0000% dir=none feeds_agree=True chain=66463.49 bin=66523.00 open=66463.49 obi=0.5948 ask_up=0.40 ask_dn=0.61 bid_up=0.39 bid_dn=0.60 halted=False
2026-03-29 18:56:22.079 [INFO] __main__: status: t_remain=218s delta=-0.0036% dir=down feeds_agree=False chain=66461.13 bin=66518.91 open=66463.49 obi=-0.5089 ask_up=0.33 ask_dn=0.68 bid_up=0.32 bid_dn=0.67 halted=False
2026-03-29 18:56:52.098 [INFO] __main__: status: t_remain=188s delta=-0.0038% dir=down feeds_agree=False chain=66460.96 bin=66520.28 open=66463.49 obi=-0.8414 ask_up=0.32 ask_dn=0.69 bid_up=0.31 bid_dn=0.68 halted=False
2026-03-29 18:57:22.328 [INFO] __main__: status: t_remain=158s delta=0.0071% dir=up feeds_agree=True chain=66468.21 bin=66523.01 open=66463.49 obi=0.3324 ask_up=0.39 ask_dn=0.62 bid_up=0.38 bid_dn=0.61 halted=False
2026-03-29 18:57:52.337 [INFO] __main__: status: t_remain=128s delta=-0.0216% dir=down feeds_agree=False chain=66449.11 bin=66506.65 open=66463.49 obi=-0.6918 ask_up=0.16 ask_dn=0.85 bid_up=0.15 bid_dn=0.84 halted=False
2026-03-29 18:58:22.577 [INFO] __main__: status: t_remain=97s delta=-0.0021% dir=down feeds_agree=False chain=66462.07 bin=66520.07 open=66463.49 obi=0.0893 ask_up=0.26 ask_dn=0.75 bid_up=0.25 bid_dn=0.74 halted=False
2026-03-29 18:58:30.083 [INFO] strategy.momentum_signal: momentum_signal rank #1 [down]: no fire — latest_pct=0.0851% (need <=-0.00%), stddev=0.0070% (max 0.050%)
2026-03-29 18:58:52.583 [INFO] __main__: status: t_remain=67s delta=0.0008% dir=up feeds_agree=True chain=66464.01 bin=66520.07 open=66463.49 obi=-0.0970 ask_up=0.18 ask_dn=0.83 bid_up=0.17 bid_dn=0.82 halted=False
2026-03-29 18:59:22.584 [INFO] __main__: status: t_remain=37s delta=0.0003% dir=up feeds_agree=True chain=66463.68 bin=66520.07 open=66463.49 obi=0.1572 ask_up=0.12 ask_dn=0.89 bid_up=0.11 bid_dn=0.88 halted=False
2026-03-29 18:59:52.666 [INFO] __main__: status: t_remain=7s delta=-0.0026% dir=down feeds_agree=False chain=66461.73 bin=66520.07 open=66463.49 obi=0.0184 ask_up=0.99 ask_dn=0.99 bid_up=0.01 bid_dn=0.01 halted=False
2026-03-29 19:00:00.172 [INFO] execution.paper_trading: paper window_ts=1774799700 [SKIP] pnl=0.0000 direction=up outcome=up - balance=$1004.80 bid_up=0.01 ask_up=0.02 bid_dn=0.98 ask_dn=0.99
2026-03-29 19:00:00.174 [INFO] risk.position_tracker: 
================ WINDOW SUMMARY ================
 Window PnL:      $    0.0000
------------------------------------------------
 Session PnL:     $    4.7962 (net)
 Session Won:     $    4.7962 (gross winnings)
 Session Lost:    $    0.0000 (gross losses)
 Session WinRate:     100.0% (4/4)
 Consec Losses:   0
================================================
2026-03-29 19:00:00.189 [INFO] strategy.window_tracker: new window: btc-updown-5m-1774800000 (ts=1774800000)
2026-03-29 19:00:00.372 [INFO] __main__: window open price captured: 66469.85 (chainlink)
2026-03-29 19:00:01.085 [INFO] market_data.clob_market_ws: CLOB market subscribed for tokens up=751231921489 down=713088066989
2026-03-29 19:00:22.883 [INFO] __main__: status: t_remain=277s delta=-0.0236% dir=down feeds_agree=False chain=66454.18 bin=66508.76 open=66469.85 obi=-0.6902 ask_up=0.36 ask_dn=0.65 bid_up=0.35 bid_dn=0.64 halted=False
2026-03-29 19:00:52.885 [INFO] __main__: status: t_remain=247s delta=-0.0171% dir=down feeds_agree=False chain=66458.50 bin=66513.42 open=66469.85 obi=0.8672 ask_up=0.45 ask_dn=0.56 bid_up=0.44 bid_dn=0.55 halted=False
2026-03-29 19:01:23.137 [INFO] __main__: status: t_remain=217s delta=-0.0001% dir=down feeds_agree=False chain=66469.80 bin=66523.21 open=66469.85 obi=0.8396 ask_up=0.51 ask_dn=0.50 bid_up=0.50 bid_dn=0.49 halted=False
2026-03-29 19:01:53.400 [INFO] __main__: status: t_remain=187s delta=-0.0004% dir=down feeds_agree=False chain=66469.60 bin=66515.24 open=66469.85 obi=-0.8533 ask_up=0.46 ask_dn=0.60 bid_up=0.40 bid_dn=0.54 halted=False
2026-03-29 19:02:23.624 [INFO] __main__: status: t_remain=156s delta=-0.0065% dir=down feeds_agree=False chain=66465.54 bin=66521.81 open=66469.85 obi=0.2368 ask_up=0.45 ask_dn=0.57 bid_up=0.43 bid_dn=0.55 halted=False
2026-03-29 19:02:53.629 [INFO] __main__: status: t_remain=126s delta=0.0239% dir=up feeds_agree=True chain=66485.74 bin=66542.50 open=66469.85 obi=0.9974 ask_up=0.72 ask_dn=0.29 bid_up=0.71 bid_dn=0.28 halted=False
2026-03-29 19:03:23.879 [INFO] __main__: status: t_remain=96s delta=0.0444% dir=up feeds_agree=True chain=66499.34 bin=66549.55 open=66469.85 obi=0.1132 ask_up=0.72 ask_dn=0.29 bid_up=0.71 bid_dn=0.28 halted=False
2026-03-29 19:03:30.129 [INFO] strategy.momentum_signal: momentum_signal rank #1 [down]: no fire — latest_pct=0.1081% (need <=-0.00%), stddev=0.0213% (max 0.050%)
2026-03-29 19:03:53.954 [INFO] __main__: status: t_remain=66s delta=-0.0173% dir=down feeds_agree=False chain=66458.38 bin=66506.99 open=66469.85 obi=-0.8357 ask_up=0.17 ask_dn=0.84 bid_up=0.16 bid_dn=0.83 halted=False
2026-03-29 19:04:23.957 [INFO] __main__: status: t_remain=36s delta=-0.0335% dir=down feeds_agree=False chain=66447.60 bin=66503.82 open=66469.85 obi=0.0072 ask_up=0.10 ask_dn=0.91 bid_up=0.09 bid_dn=0.90 halted=False
2026-03-29 19:04:54.214 [INFO] __main__: status: t_remain=6s delta=-0.0441% dir=down feeds_agree=False chain=66440.57 bin=66495.63 open=66469.85 obi=0.3443 ask_up=0.99 ask_dn=0.99 bid_up=0.01 bid_dn=0.01 halted=False
2026-03-29 19:05:00.015 [INFO] execution.paper_trading: paper window_ts=1774800000 [SKIP] pnl=0.0000 direction=down outcome=down - balance=$1004.80 bid_up=0.01 ask_up=0.01 bid_dn=0.99 ask_dn=1.00
2026-03-29 19:05:00.015 [INFO] risk.position_tracker: 
================ WINDOW SUMMARY ================
 Window PnL:      $    0.0000
------------------------------------------------
 Session PnL:     $    4.7962 (net)
 Session Won:     $    4.7962 (gross winnings)
 Session Lost:    $    0.0000 (gross losses)
 Session WinRate:     100.0% (4/4)
 Consec Losses:   0
================================================
2026-03-29 19:05:00.029 [INFO] strategy.window_tracker: new window: btc-updown-5m-1774800300 (ts=1774800300)
2026-03-29 19:05:00.276 [INFO] __main__: window open price captured: 66439.85 (chainlink)
2026-03-29 19:05:01.077 [INFO] market_data.clob_market_ws: CLOB market subscribed for tokens up=371120329934 down=510393541949
2026-03-29 19:05:24.250 [INFO] __main__: status: t_remain=276s delta=-0.0097% dir=down feeds_agree=False chain=66433.38 bin=66490.80 open=66439.85 obi=0.0860 ask_up=0.49 ask_dn=0.52 bid_up=0.48 bid_dn=0.51 halted=False
2026-03-29 19:05:54.501 [INFO] __main__: status: t_remain=246s delta=-0.0512% dir=down feeds_agree=False chain=66405.80 bin=66462.04 open=66439.85 obi=0.4224 ask_up=0.34 ask_dn=0.67 bid_up=0.33 bid_dn=0.66 halted=False
2026-03-29 19:06:24.756 [INFO] __main__: status: t_remain=215s delta=-0.0463% dir=down feeds_agree=False chain=66409.11 bin=66462.05 open=66439.85 obi=0.5033 ask_up=0.27 ask_dn=0.74 bid_up=0.26 bid_dn=0.73 halted=False
2026-03-29 19:06:55.000 [INFO] __main__: status: t_remain=185s delta=-0.0741% dir=down feeds_agree=False chain=66390.64 bin=66445.89 open=66439.85 obi=0.1373 ask_up=0.14 ask_dn=0.87 bid_up=0.13 bid_dn=0.86 halted=False
2026-03-29 19:07:25.033 [INFO] __main__: status: t_remain=155s delta=-0.0296% dir=down feeds_agree=False chain=66420.18 bin=66493.21 open=66439.85 obi=-0.5776 ask_up=0.50 ask_dn=0.51 bid_up=0.49 bid_dn=0.50 halted=False
2026-03-29 19:07:55.082 [INFO] __main__: status: t_remain=125s delta=-0.0508% dir=down feeds_agree=False chain=66406.09 bin=66464.84 open=66439.85 obi=-0.8784 ask_up=0.20 ask_dn=0.81 bid_up=0.19 bid_dn=0.80 halted=False
2026-03-29 19:08:25.331 [INFO] __main__: status: t_remain=95s delta=-0.0366% dir=down feeds_agree=False chain=66415.53 bin=66469.30 open=66439.85 obi=-0.3089 ask_up=0.21 ask_dn=0.80 bid_up=0.20 bid_dn=0.79 halted=False
2026-03-29 19:08:30.093 [INFO] strategy.momentum_signal: momentum_signal rank #1 [down]: no fire — latest_pct=0.0443% (need <=-0.00%), stddev=0.0170% (max 0.050%)
2026-03-29 19:08:55.588 [INFO] __main__: status: t_remain=64s delta=-0.0299% dir=down feeds_agree=False chain=66420.00 bin=66478.90 open=66439.85 obi=-0.8131 ask_up=0.19 ask_dn=0.82 bid_up=0.18 bid_dn=0.81 halted=False
2026-03-29 19:09:25.831 [INFO] __main__: status: t_remain=34s delta=-0.0269% dir=down feeds_agree=False chain=66421.98 bin=66478.92 open=66439.85 obi=0.1383 ask_up=0.14 ask_dn=0.87 bid_up=0.13 bid_dn=0.86 halted=False
2026-03-29 19:09:55.842 [INFO] __main__: status: t_remain=4s delta=0.0071% dir=up feeds_agree=True chain=66444.54 bin=66498.68 open=66439.85 obi=0.7576 ask_up=0.87 ask_dn=0.14 bid_up=0.86 bid_dn=0.13 halted=False
2026-03-29 19:10:00.091 [INFO] execution.paper_trading: paper window_ts=1774800300 [SKIP] pnl=0.0000 direction=up outcome=up - balance=$1004.80 bid_up=0.98 ask_up=0.99 bid_dn=0.01 ask_dn=0.02
2026-03-29 19:10:00.091 [INFO] risk.position_tracker: 
================ WINDOW SUMMARY ================
 Window PnL:      $    0.0000
------------------------------------------------
 Session PnL:     $    4.7962 (net)
 Session Won:     $    4.7962 (gross winnings)
 Session Lost:    $    0.0000 (gross losses)
 Session WinRate:     100.0% (4/4)
 Consec Losses:   0
================================================
2026-03-29 19:10:00.102 [INFO] strategy.window_tracker: new window: btc-updown-5m-1774800600 (ts=1774800600)
2026-03-29 19:10:00.323 [INFO] __main__: window open price captured: 66445.95 (chainlink)
2026-03-29 19:10:01.080 [INFO] market_data.clob_market_ws: CLOB market subscribed for tokens up=115260041263 down=670639752708
2026-03-29 19:10:26.077 [INFO] __main__: status: t_remain=274s delta=0.0304% dir=up feeds_agree=True chain=66466.16 bin=66523.32 open=66445.95 obi=0.6559 ask_up=0.70 ask_dn=0.31 bid_up=0.69 bid_dn=0.30 halted=False
2026-03-29 19:10:56.081 [INFO] __main__: status: t_remain=244s delta=0.0329% dir=up feeds_agree=True chain=66467.83 bin=66527.19 open=66445.95 obi=-0.7360 ask_up=0.66 ask_dn=0.35 bid_up=0.65 bid_dn=0.34 halted=False
2026-03-29 19:11:26.089 [INFO] __main__: status: t_remain=214s delta=0.0361% dir=up feeds_agree=True chain=66469.97 bin=66526.71 open=66445.95 obi=0.9976 ask_up=0.74 ask_dn=0.27 bid_up=0.73 bid_dn=0.26 halted=False
2026-03-29 19:11:56.332 [INFO] __main__: status: t_remain=184s delta=-0.0002% dir=down feeds_agree=False chain=66445.78 bin=66500.87 open=66445.95 obi=-0.8386 ask_up=0.44 ask_dn=0.57 bid_up=0.43 bid_dn=0.56 halted=False
2026-03-29 19:12:26.337 [INFO] __main__: status: t_remain=154s delta=-0.0557% dir=down feeds_agree=False chain=66408.94 bin=66470.92 open=66445.95 obi=0.9394 ask_up=0.28 ask_dn=0.73 bid_up=0.27 bid_dn=0.72 halted=False
2026-03-29 19:12:56.338 [INFO] __main__: status: t_remain=124s delta=-0.0437% dir=down feeds_agree=False chain=66416.92 bin=66470.92 open=66445.95 obi=0.7787 ask_up=0.24 ask_dn=0.77 bid_up=0.23 bid_dn=0.76 halted=False
2026-03-29 19:13:26.582 [INFO] __main__: status: t_remain=93s delta=-0.0448% dir=down feeds_agree=False chain=66416.17 bin=66476.89 open=66445.95 obi=-0.9464 ask_up=0.17 ask_dn=0.84 bid_up=0.16 bid_dn=0.83 halted=False
2026-03-29 19:13:30.078 [INFO] strategy.momentum_signal: momentum_signal rank #1 [down]: no fire — latest_pct=0.0293% (need <=-0.00%), stddev=0.0380% (max 0.050%)
2026-03-29 19:13:56.593 [INFO] __main__: status: t_remain=63s delta=-0.0582% dir=down feeds_agree=False chain=66407.26 bin=66465.76 open=66445.95 obi=-0.2725 ask_up=0.10 ask_dn=0.91 bid_up=0.09 bid_dn=0.90 halted=False
2026-03-29 19:14:26.595 [INFO] __main__: status: t_remain=33s delta=-0.0770% dir=down feeds_agree=False chain=66394.78 bin=66452.27 open=66445.95 obi=0.5183 ask_up=0.02 ask_dn=0.99 bid_up=0.01 bid_dn=0.98 halted=False
2026-03-29 19:14:56.833 [INFO] __main__: status: t_remain=3s delta=-0.0840% dir=down feeds_agree=False chain=66390.11 bin=66447.23 open=66445.95 obi=-0.1207 ask_up=0.01 ask_dn=1.00 bid_up=0.01 bid_dn=0.99 halted=False
2026-03-29 19:15:00.079 [INFO] execution.paper_trading: paper window_ts=1774800600 [SKIP] pnl=0.0000 direction=down outcome=down - balance=$1004.80 bid_up=0.01 ask_up=0.01 bid_dn=0.99 ask_dn=1.00
2026-03-29 19:15:00.079 [INFO] risk.position_tracker: 
================ WINDOW SUMMARY ================
 Window PnL:      $    0.0000
------------------------------------------------
 Session PnL:     $    4.7962 (net)
 Session Won:     $    4.7962 (gross winnings)
 Session Lost:    $    0.0000 (gross losses)
 Session WinRate:     100.0% (4/4)
 Consec Losses:   0
================================================
2026-03-29 19:15:00.091 [INFO] strategy.window_tracker: new window: btc-updown-5m-1774800900 (ts=1774800900)
2026-03-29 19:15:00.328 [INFO] __main__: window open price captured: 66390.00 (chainlink)
2026-03-29 19:15:01.080 [INFO] market_data.clob_market_ws: CLOB market subscribed for tokens up=113227446475 down=841741595071
2026-03-29 19:15:26.879 [INFO] __main__: status: t_remain=273s delta=0.0063% dir=up feeds_agree=True chain=66394.19 bin=66453.12 open=66390.00 obi=0.7111 ask_up=0.51 ask_dn=0.50 bid_up=0.50 bid_dn=0.49 halted=False
2026-03-29 19:15:56.880 [INFO] __main__: status: t_remain=243s delta=0.0210% dir=up feeds_agree=True chain=66403.96 bin=66460.15 open=66390.00 obi=0.9087 ask_up=0.61 ask_dn=0.40 bid_up=0.60 bid_dn=0.39 halted=False
2026-03-29 19:16:26.882 [INFO] __main__: status: t_remain=213s delta=0.0478% dir=up feeds_agree=True chain=66421.71 bin=66479.88 open=66390.00 obi=0.3507 ask_up=0.76 ask_dn=0.25 bid_up=0.75 bid_dn=0.24 halted=False
2026-03-29 19:16:56.906 [INFO] __main__: status: t_remain=183s delta=0.0442% dir=up feeds_agree=True chain=66419.36 bin=66470.60 open=66390.00 obi=0.4148 ask_up=0.70 ask_dn=0.31 bid_up=0.69 bid_dn=0.30 halted=False
2026-03-29 19:17:26.907 [INFO] __main__: status: t_remain=153s delta=0.1023% dir=up feeds_agree=True chain=66457.93 bin=66523.25 open=66390.00 obi=0.9041 ask_up=0.94 ask_dn=0.07 bid_up=0.93 bid_dn=0.06 halted=False
2026-03-29 19:17:57.155 [INFO] __main__: status: t_remain=123s delta=0.1273% dir=up feeds_agree=True chain=66474.54 bin=66531.71 open=66390.00 obi=0.3210 ask_up=0.96 ask_dn=0.05 bid_up=0.95 bid_dn=0.04 halted=False
2026-03-29 19:18:27.170 [INFO] __main__: status: t_remain=93s delta=0.1183% dir=up feeds_agree=True chain=66468.55 bin=66521.49 open=66390.00 obi=0.6203 ask_up=0.99 ask_dn=0.02 bid_up=0.98 bid_dn=0.01 halted=False
2026-03-29 19:18:30.155 [INFO] strategy.momentum_signal: momentum_signal rank #1 [down]: no fire — latest_pct=0.1980% (need <=-0.00%), stddev=0.0487% (max 0.050%)
2026-03-29 19:18:57.280 [INFO] __main__: status: t_remain=63s delta=0.2239% dir=up feeds_agree=True chain=66538.65 bin=66592.39 open=66390.00 obi=-0.5090 ask_up=1.00 ask_dn=0.01 bid_up=0.99 bid_dn=0.01 halted=False
2026-03-29 19:19:27.462 [INFO] __main__: status: t_remain=33s delta=0.2477% dir=up feeds_agree=True chain=66554.44 bin=66607.82 open=66390.00 obi=0.8650 ask_up=1.00 ask_dn=0.01 bid_up=0.99 bid_dn=0.01 halted=False
2026-03-29 19:19:57.513 [INFO] __main__: status: t_remain=2s delta=0.2786% dir=up feeds_agree=True chain=66574.98 bin=66632.30 open=66390.00 obi=0.8615 ask_up=1.00 ask_dn=0.00 bid_up=1.00 bid_dn=0.00 halted=False
2026-03-29 19:20:00.016 [INFO] execution.paper_trading: paper window_ts=1774800900 [SKIP] pnl=0.0000 direction=up outcome=up - balance=$1004.80 bid_up=1.00 ask_up=1.00 bid_dn=0.00 ask_dn=0.00
2026-03-29 19:20:00.017 [INFO] risk.position_tracker: 
================ WINDOW SUMMARY ================
 Window PnL:      $    0.0000
------------------------------------------------
 Session PnL:     $    4.7962 (net)
 Session Won:     $    4.7962 (gross winnings)
 Session Lost:    $    0.0000 (gross losses)
 Session WinRate:     100.0% (4/4)
 Consec Losses:   0
================================================
2026-03-29 19:20:00.030 [INFO] strategy.window_tracker: new window: btc-updown-5m-1774801200 (ts=1774801200)
2026-03-29 19:20:00.158 [INFO] market_data.clob_market_ws: CLOB market subscribed for tokens up=130836099525 down=759875311385
2026-03-29 19:20:00.225 [INFO] __main__: window open price captured: 66576.12 (chainlink)
2026-03-29 19:20:27.702 [INFO] __main__: status: t_remain=272s delta=0.0286% dir=up feeds_agree=True chain=66595.15 bin=66642.03 open=66576.12 obi=-0.6126 ask_up=0.53 ask_dn=0.51 bid_up=0.49 bid_dn=0.47 halted=False
2026-03-29 19:20:57.708 [INFO] __main__: status: t_remain=242s delta=-0.0157% dir=down feeds_agree=False chain=66565.68 bin=66618.29 open=66576.12 obi=-0.9930 ask_up=0.99 ask_dn=0.99 bid_up=0.01 bid_dn=0.01 halted=False
2026-03-29 19:21:27.953 [INFO] __main__: status: t_remain=212s delta=0.0092% dir=up feeds_agree=True chain=66582.24 bin=66635.90 open=66576.12 obi=0.9066 ask_up=0.45 ask_dn=0.56 bid_up=0.44 bid_dn=0.55 halted=False
2026-03-29 19:21:57.955 [INFO] __main__: status: t_remain=182s delta=0.0155% dir=up feeds_agree=True chain=66586.42 bin=66646.58 open=66576.12 obi=0.9559 ask_up=0.57 ask_dn=0.44 bid_up=0.56 bid_dn=0.43 halted=False
2026-03-29 19:22:28.205 [INFO] __main__: status: t_remain=152s delta=-0.0269% dir=down feeds_agree=False chain=66558.21 bin=66613.34 open=66576.12 obi=-0.0677 ask_up=0.32 ask_dn=0.69 bid_up=0.31 bid_dn=0.68 halted=False
2026-03-29 19:22:58.452 [INFO] __main__: status: t_remain=122s delta=-0.0361% dir=down feeds_agree=False chain=66552.09 bin=66607.04 open=66576.12 obi=0.9634 ask_up=0.29 ask_dn=0.72 bid_up=0.28 bid_dn=0.71 halted=False
2026-03-29 19:23:28.472 [INFO] __main__: status: t_remain=92s delta=-0.0086% dir=down feeds_agree=False chain=66570.40 bin=66628.94 open=66576.12 obi=0.3234 ask_up=0.44 ask_dn=0.57 bid_up=0.43 bid_dn=0.56 halted=False
2026-03-29 19:23:30.215 [INFO] strategy.momentum_signal: momentum_signal rank #1 [down]: no fire — latest_pct=0.0793% (need <=-0.00%), stddev=0.0222% (max 0.050%)
2026-03-29 19:23:58.702 [INFO] __main__: status: t_remain=61s delta=-0.0330% dir=down feeds_agree=False chain=66554.14 bin=66600.36 open=66576.12 obi=-0.9865 ask_up=0.11 ask_dn=0.90 bid_up=0.10 bid_dn=0.89 halted=False
2026-03-29 19:24:28.703 [INFO] __main__: status: t_remain=31s delta=-0.0255% dir=down feeds_agree=False chain=66559.17 bin=66622.05 open=66576.12 obi=0.9991 ask_up=0.35 ask_dn=0.66 bid_up=0.34 bid_dn=0.65 halted=False
2026-03-29 19:24:58.723 [INFO] __main__: status: t_remain=1s delta=-0.0438% dir=down feeds_agree=False chain=66546.94 bin=66604.57 open=66576.12 obi=-0.5330 ask_up=0.01 ask_dn=1.00 bid_up=0.01 bid_dn=0.99 halted=False
2026-03-29 19:25:00.213 [INFO] execution.paper_trading: paper window_ts=1774801200 [SKIP] pnl=0.0000 direction=down outcome=down - balance=$1004.80 bid_up=0.01 ask_up=0.01 bid_dn=0.99 ask_dn=1.00
2026-03-29 19:25:00.213 [INFO] risk.position_tracker: 
================ WINDOW SUMMARY ================
 Window PnL:      $    0.0000
------------------------------------------------
 Session PnL:     $    4.7962 (net)
 Session Won:     $    4.7962 (gross winnings)
 Session Lost:    $    0.0000 (gross losses)
 Session WinRate:     100.0% (4/4)
 Consec Losses:   0
================================================
2026-03-29 19:25:00.226 [INFO] strategy.window_tracker: new window: btc-updown-5m-1774801500 (ts=1774801500)
2026-03-29 19:25:00.420 [INFO] __main__: window open price captured: 66548.09 (chainlink)
2026-03-29 19:25:01.160 [INFO] market_data.clob_market_ws: CLOB market subscribed for tokens up=282824264943 down=432203125601
2026-03-29 19:25:28.908 [INFO] __main__: status: t_remain=271s delta=0.0069% dir=up feeds_agree=True chain=66552.70 bin=66610.00 open=66548.09 obi=0.9506 ask_up=0.50 ask_dn=0.51 bid_up=0.49 bid_dn=0.50 halted=False
2026-03-29 19:25:58.941 [INFO] __main__: status: t_remain=241s delta=0.0120% dir=up feeds_agree=True chain=66556.06 bin=66611.83 open=66548.09 obi=0.9899 ask_up=0.57 ask_dn=0.44 bid_up=0.56 bid_dn=0.43 halted=False
2026-03-29 19:26:28.955 [INFO] __main__: status: t_remain=211s delta=0.0315% dir=up feeds_agree=True chain=66569.07 bin=66631.03 open=66548.09 obi=0.8384 ask_up=0.66 ask_dn=0.35 bid_up=0.65 bid_dn=0.34 halted=False
2026-03-29 19:26:58.962 [INFO] __main__: status: t_remain=181s delta=0.0206% dir=up feeds_agree=True chain=66561.82 bin=66619.63 open=66548.09 obi=-0.8010 ask_up=0.58 ask_dn=0.43 bid_up=0.57 bid_dn=0.42 halted=False
2026-03-29 19:27:28.963 [INFO] __main__: status: t_remain=151s delta=0.0027% dir=up feeds_agree=True chain=66549.86 bin=66605.17 open=66548.09 obi=0.5510 ask_up=0.47 ask_dn=0.54 bid_up=0.46 bid_dn=0.53 halted=False
2026-03-29 19:27:59.205 [INFO] __main__: status: t_remain=121s delta=0.0251% dir=up feeds_agree=True chain=66564.82 bin=66622.30 open=66548.09 obi=0.8536 ask_up=0.68 ask_dn=0.33 bid_up=0.67 bid_dn=0.32 halted=False
2026-03-29 19:28:29.454 [INFO] __main__: status: t_remain=91s delta=0.0299% dir=up feeds_agree=True chain=66567.95 bin=66624.94 open=66548.09 obi=0.4385 ask_up=0.70 ask_dn=0.31 bid_up=0.69 bid_dn=0.30 halted=False
2026-03-29 19:28:30.208 [INFO] strategy.momentum_signal: momentum_signal rank #1 [down]: no fire — latest_pct=0.1155% (need <=-0.00%), stddev=0.0136% (max 0.050%)
2026-03-29 19:28:59.702 [INFO] __main__: status: t_remain=60s delta=0.0097% dir=up feeds_agree=True chain=66554.54 bin=66615.09 open=66548.09 obi=-0.8317 ask_up=0.53 ask_dn=0.48 bid_up=0.52 bid_dn=0.47 halted=False
2026-03-29 19:29:29.706 [INFO] __main__: status: t_remain=30s delta=0.0234% dir=up feeds_agree=True chain=66563.67 bin=66617.19 open=66548.09 obi=0.9449 ask_up=0.78 ask_dn=0.23 bid_up=0.77 bid_dn=0.22 halted=False
2026-03-29 19:29:59.954 [INFO] __main__: status: t_remain=0s delta=0.0209% dir=up feeds_agree=True chain=66562.02 bin=66617.19 open=66548.09 obi=0.8235 ask_up=1.00 ask_dn=0.01 bid_up=0.99 bid_dn=0.01 halted=False
2026-03-29 19:30:00.210 [INFO] execution.paper_trading: paper window_ts=1774801500 [SKIP] pnl=0.0000 direction=up outcome=up - balance=$1004.80 bid_up=0.98 ask_up=0.99 bid_dn=0.01 ask_dn=0.02
2026-03-29 19:30:00.212 [INFO] risk.position_tracker: 
================ WINDOW SUMMARY ================
 Window PnL:      $    0.0000
------------------------------------------------
 Session PnL:     $    4.7962 (net)
 Session Won:     $    4.7962 (gross winnings)
 Session Lost:    $    0.0000 (gross losses)
 Session WinRate:     100.0% (4/4)
 Consec Losses:   0
================================================
2026-03-29 19:30:00.229 [INFO] strategy.window_tracker: new window: btc-updown-5m-1774801800 (ts=1774801800)
2026-03-29 19:30:00.505 [INFO] __main__: window open price captured: 66562.22 (chainlink)
2026-03-29 19:30:01.164 [INFO] market_data.clob_market_ws: CLOB market subscribed for tokens up=872316444988 down=194214022751
2026-03-29 19:30:30.008 [INFO] __main__: status: t_remain=270s delta=-0.0246% dir=down feeds_agree=False chain=66545.86 bin=66605.18 open=66562.22 obi=-0.9628 ask_up=0.33 ask_dn=0.68 bid_up=0.32 bid_dn=0.67 halted=False
2026-03-29 19:31:00.033 [INFO] __main__: status: t_remain=240s delta=-0.0330% dir=down feeds_agree=False chain=66540.23 bin=66595.70 open=66562.22 obi=0.9564 ask_up=0.35 ask_dn=0.66 bid_up=0.34 bid_dn=0.65 halted=False
2026-03-29 19:31:30.285 [INFO] __main__: status: t_remain=210s delta=-0.0414% dir=down feeds_agree=False chain=66534.65 bin=66587.76 open=66562.22 obi=0.6591 ask_up=0.28 ask_dn=0.73 bid_up=0.27 bid_dn=0.72 halted=False
2026-03-29 19:32:00.533 [INFO] __main__: status: t_remain=179s delta=-0.0308% dir=down feeds_agree=False chain=66541.70 bin=66602.95 open=66562.22 obi=0.0292 ask_up=0.38 ask_dn=0.63 bid_up=0.37 bid_dn=0.62 halted=False
2026-03-29 19:32:30.534 [INFO] __main__: status: t_remain=149s delta=-0.0082% dir=down feeds_agree=False chain=66556.73 bin=66617.14 open=66562.22 obi=-0.8356 ask_up=0.43 ask_dn=0.58 bid_up=0.42 bid_dn=0.57 halted=False
2026-03-29 19:33:00.784 [INFO] __main__: status: t_remain=119s delta=-0.0388% dir=down feeds_agree=False chain=66536.37 bin=66592.54 open=66562.22 obi=-0.3565 ask_up=0.21 ask_dn=0.80 bid_up=0.20 bid_dn=0.79 halted=False
2026-03-29 19:33:30.035 [INFO] strategy.momentum_signal: momentum_signal rank #1 [down]: no fire — latest_pct=0.0455% (need <=-0.00%), stddev=0.0158% (max 0.050%)
2026-03-29 19:33:31.052 [INFO] __main__: status: t_remain=89s delta=-0.0366% dir=down feeds_agree=False chain=66537.89 bin=66588.15 open=66562.22 obi=-0.6197 ask_up=0.15 ask_dn=0.86 bid_up=0.14 bid_dn=0.85 halted=False
2026-03-29 19:34:01.280 [INFO] __main__: status: t_remain=59s delta=-0.0439% dir=down feeds_agree=False chain=66533.03 bin=66588.15 open=66562.22 obi=-0.8616 ask_up=0.12 ask_dn=0.89 bid_up=0.11 bid_dn=0.88 halted=False
2026-03-29 19:34:31.285 [INFO] __main__: status: t_remain=29s delta=-0.0473% dir=down feeds_agree=False chain=66530.70 bin=66588.16 open=66562.22 obi=-0.7647 ask_up=0.03 ask_dn=0.98 bid_up=0.02 bid_dn=0.97 halted=False
2026-03-29 19:35:00.204 [INFO] execution.paper_trading: paper window_ts=1774801800 [SKIP] pnl=0.0000 direction=down outcome=down - balance=$1004.80 bid_up=0.01 ask_up=0.01 bid_dn=0.99 ask_dn=1.00
2026-03-29 19:35:00.204 [INFO] risk.position_tracker: 
================ WINDOW SUMMARY ================
 Window PnL:      $    0.0000
------------------------------------------------
 Session PnL:     $    4.7962 (net)
 Session Won:     $    4.7962 (gross winnings)
 Session Lost:    $    0.0000 (gross losses)
 Session WinRate:     100.0% (4/4)
 Consec Losses:   0
================================================
2026-03-29 19:35:00.219 [INFO] strategy.window_tracker: new window: btc-updown-5m-1774802100 (ts=1774802100)
2026-03-29 19:35:00.442 [INFO] __main__: window open price captured: 66534.77 (chainlink)
2026-03-29 19:35:01.163 [INFO] market_data.clob_market_ws: CLOB market subscribed for tokens up=610329895838 down=582560110569
2026-03-29 19:35:01.460 [INFO] __main__: status: t_remain=299s delta=-0.0002% dir=down feeds_agree=False chain=66534.65 bin=66590.24 open=66534.77 obi=0.8241 ask_up=0.46 ask_dn=0.56 bid_up=0.44 bid_dn=0.54 halted=False
2026-03-29 19:35:31.709 [INFO] __main__: status: t_remain=268s delta=-0.0747% dir=down feeds_agree=False chain=66485.09 bin=66546.60 open=66534.77 obi=0.7893 ask_up=0.31 ask_dn=0.74 bid_up=0.26 bid_dn=0.69 halted=False
