config.yml created with defaults at /opt/polytrader/bot/config.yml -- review it before running.

[92mpre-flight checks passed[0m

2026-04-15 13:45:35.516 [INFO] utils.log: purged 4 log file(s) older than 7 days
2026-04-15 13:45:35.516 [INFO] utils.log: logging to file: /opt/polytrader/bot/data/logs/2026-04-15_13-45-35.log
[92m[1m2026-04-15 13:45:35.516 [INFO] __main__: starting polymarket bot — mode=paper[0m
2026-04-15 13:45:35.516 [INFO] __main__: data paths: bankroll=/opt/polytrader/bot/data/paper/bankroll.json journal=/opt/polytrader/bot/data/paper/journal.jsonl state=/opt/polytrader/bot/data/paper/state.json results=/opt/polytrader/bot/data/paper/results
2026-04-15 13:45:35.520 [INFO] shared.keystore: SSH host key detected: /etc/ssh/ssh_host_ed25519_key (ed25519)
2026-04-15 13:45:35.525 [INFO] shared.keystore: HMAC key loaded from age secrets file
2026-04-15 13:45:35.526 [INFO] shared.ipc: IPC server listening on 127.0.0.1:19731
2026-04-15 13:45:35.526 [INFO] shared.keystore: SSH host key detected: /etc/ssh/ssh_host_ed25519_key (ed25519)
2026-04-15 13:45:35.531 [INFO] shared.keystore: HMAC key loaded from age secrets file
2026-04-15 13:45:35.531 [INFO] shared.state_publisher: state publisher listening on 127.0.0.1:19732
2026-04-15 13:45:35.576 [INFO] __main__: gamma API: reachable
2026-04-15 13:45:35.582 [INFO] shared.volatility_tracker: vol cache stale (110.6 min old, limit=30.0 min) — discarding
2026-04-15 13:45:35.582 [INFO] shared.chop_detector: chop cache stale (110.6 min old, limit=30.0 min) — discarding
2026-04-15 13:45:35.582 [INFO] shared.outcome_tracker: outcome cache stale (110.6 min old, limit=30.0 min) — discarding
2026-04-15 13:45:35.711 [INFO] utils.reconnect: rtds connected to wss://ws-live-data.polymarket.com
2026-04-15 13:45:35.712 [INFO] market_data.rtds_ws: RTDS subscribed to chainlink
2026-04-15 13:45:36.477 [INFO] utils.reconnect: binance connected to wss://stream.binance.com:9443/stream?streams=btcusdt@trade/btcusdt@depth5@100ms
2026-04-15 13:45:37.587 [INFO] __main__: price feeds live: binance=73910.97 chainlink=73920.62 — waiting for depth stream
[92m[1m2026-04-15 13:45:37.587 [INFO] __main__: all feeds live: binance=73910.97 chainlink=73920.62 obi=0.5940[0m
2026-04-15 13:45:37.587 [INFO] __main__: no signal file provided -- waiting for orchestrator to deliver first signal...
2026-04-15 13:45:56.137 [INFO] shared.ipc: IPC: received authenticated signal_update (summary=signals_summary_1776260756.json)
2026-04-15 13:45:56.137 [INFO] __main__: received new signal from orchestrator: rank=1 side=Down
2026-04-15 13:45:56.158 [INFO] __main__: first signal received from orchestrator: rank=1 side=down signal_id=down_270.0_170.0_0.09_0.05
2026-04-15 13:45:56.158 [INFO] __main__: SIGNAL_SWAP_ACTIVE: {"rank":1,"side":"down","observeFromS":270.0,"observeToS":170.0,"minDeltaPct":0.09,"maxVariancePct":0.05,"trainWinRatePct":86.02,"oosWinRatePct":94.23,"oosBhAdjustedPValue":1.83555e-12,"oosMatches":52,"avgEntryPrice":0.834,"evPerTrade":0.0783,"smartScore":5.3,"wfFoldsAppeared":4,"wfTotalTestFolds":6,"wfFoldIndices":[3,4,5,7]}
[93m2026-04-15 13:45:56.159 [WARNING] risk.position_tracker: STATE SIGNAL MISMATCH: saved signal_id=down_270.0_160.0_0.13_0.05 but current=down_270.0_170.0_0.09_0.05 — state may be stale, resetting totals[0m
2026-04-15 13:45:56.159 [INFO] __main__: resumed paper balance: $1005.79
[92m2026-04-15 13:45:56.159 [INFO] __main__: paper trading mode — orders will be simulated (balance=$1005.79)[0m
2026-04-15 13:45:56.160 [INFO] strategy.kelly: Loaded bankroll from /opt/polytrader/bot/data/paper/bankroll.json: $1005.79
[96m2026-04-15 13:45:56.160 [INFO] __main__: bankroll startup check: kelly_br=$1005.79 paper_br=$1005.79 drift=-0.00 OK[0m
[96m[1m2026-04-15 13:45:56.160 [INFO] strategy.window_tracker: new window: btc-updown-5m-1776260700 (ts=1776260700)[0m
2026-04-15 13:45:56.209 [INFO] strategy.window_tracker: Gamma priceToBeat not yet available for btc-updown-5m-1776260700 — fetching in background
[96m2026-04-15 13:45:56.239 [INFO] strategy.window_handler: REGIME vol_stddev=0.000% chop_flips=0.0 outcome=no data sprt=dormant llr=0.00 age=0w bankroll=$1005.79[0m
[96m2026-04-15 13:45:56.240 [WARNING] __main__: window open price captured: 73968.12 (RTDS latest fallback)[0m
[96m2026-04-15 13:45:56.240 [INFO] __main__: window open price captured: 73950.85 (binance)[0m
2026-04-15 13:45:56.240 [INFO] strategy.momentum_signal: momentum_signal: waiting for full market data
2026-04-15 13:45:56.244 [INFO] utils.reconnect: clob-market connected to wss://ws-subscriptions-clob.polymarket.com/ws/market
2026-04-15 13:45:56.244 [INFO] market_data.clob_market_ws: CLOB market subscribed for tokens up=701020130199 down=756407593782
[2m2026-04-15 13:45:56.491 [INFO] __main__: STATUS t=244s delta=0.0000% dir=none agree=False chain=73968.12 bin=73967.02 open=73968.12 obi=0.9978 ask_up=0.76 ask_dn=0.25 bid_up=0.75 bid_dn=0.24 halted=False[0m
[2m2026-04-15 13:46:26.649 [INFO] __main__: STATUS t=213s delta=0.0053% dir=up agree=False chain=73972.00 bin=73958.61 open=73968.12 obi=-0.7882 ask_up=0.81 ask_dn=0.20 bid_up=0.80 bid_dn=0.19 halted=False[0m
[2m2026-04-15 13:46:56.764 [INFO] __main__: STATUS t=183s delta=0.0106% dir=up agree=False chain=73975.98 bin=73954.96 open=73968.12 obi=0.6892 ask_up=0.81 ask_dn=0.20 bid_up=0.80 bid_dn=0.19 halted=False[0m
2026-04-15 13:47:10.069 [INFO] strategy.momentum_signal: signal_eval rank=1 side=down latest_pct=0.0247 stddev=0.0246 n=74 min_delta=0.09 max_var=0.050
[37m2026-04-15 13:47:10.069 [INFO] strategy.momentum_signal: [SKIP] rank=1 side=down reason=conditions_not_met latest_pct=0.0247 need=<=-0.09 stddev=0.0246 max_var=0.050[0m
[2m2026-04-15 13:47:26.881 [INFO] __main__: STATUS t=153s delta=0.0422% dir=up agree=True chain=73999.37 bin=73978.98 open=73968.12 obi=-0.9011 ask_up=0.91 ask_dn=0.10 bid_up=0.90 bid_dn=0.09 halted=False[0m
[2m2026-04-15 13:47:56.999 [INFO] __main__: STATUS t=123s delta=0.0548% dir=up agree=True chain=74008.64 bin=73994.92 open=73968.12 obi=-0.1212 ask_up=0.95 ask_dn=0.06 bid_up=0.94 bid_dn=0.05 halted=False[0m
[2m2026-04-15 13:48:27.143 [INFO] __main__: STATUS t=93s delta=-0.0565% dir=down agree=True chain=73926.29 bin=73915.18 open=73968.12 obi=-0.9050 ask_up=0.87 ask_dn=0.14 bid_up=0.86 bid_dn=0.13 halted=False[0m
[2m2026-04-15 13:48:57.257 [INFO] __main__: STATUS t=63s delta=-0.1247% dir=down agree=True chain=73875.90 bin=73864.50 open=73968.12 obi=-0.6682 ask_up=0.51 ask_dn=0.51 bid_up=0.49 bid_dn=0.49 halted=False[0m
[2m2026-04-15 13:49:27.386 [INFO] __main__: STATUS t=33s delta=-0.0495% dir=down agree=True chain=73931.54 bin=73918.47 open=73968.12 obi=0.0559 ask_up=0.85 ask_dn=0.16 bid_up=0.84 bid_dn=0.15 halted=False[0m
[2m2026-04-15 13:49:57.505 [INFO] __main__: STATUS t=2s delta=-0.0390% dir=down agree=True chain=73939.24 bin=73933.77 open=73968.12 obi=0.9879 ask_up=1.00 ask_dn=0.01 bid_up=0.99 bid_dn=0.01 halted=False[0m
[37m2026-04-15 13:50:00.019 [INFO] execution.paper_trading: paper window_ts=1776260700 [SKIP] pnl=0.0000 direction=down outcome=down - balance=$1005.79 bid_up=0.99 ask_up=1.00 bid_dn=0.01 ask_dn=0.01[0m
[93m[1m2026-04-15 13:50:00.019 [INFO] risk.position_tracker: WINDOW_SUMMARY window_pnl=$0.0000 session_pnl=$0.0000 won=$0.0000 lost=$0.0000 wr=0.0% (0/0) consec_losses=0 (not traded)[0m
[96m2026-04-15 13:50:00.024 [INFO] strategy.window_handler: REGIME chop_detected flips=11 delta_range=0.2082% avg_flips=11.0 over=1_windows[0m
[37m2026-04-15 13:50:00.036 [INFO] strategy.window_handler: WINDOW_DECISION [SKIP] rank=1 side=down pnl=$0.0000 entry=0.00 size=$0.00 (conditions not met)[0m
[96m[1m2026-04-15 13:50:00.036 [INFO] strategy.window_tracker: new window: btc-updown-5m-1776261000 (ts=1776261000)[0m
2026-04-15 13:50:00.047 [INFO] strategy.window_tracker: Gamma priceToBeat not yet available for btc-updown-5m-1776261000 — fetching in background
[96m2026-04-15 13:50:00.101 [INFO] strategy.window_handler: REGIME vol_stddev=0.000% chop_flips=11.0 outcome=0U/1D over 1w sprt=dormant llr=0.00 age=1w bankroll=$1005.79[0m
[96m2026-04-15 13:50:00.102 [WARNING] __main__: window open price captured: 73945.78 (RTDS boundary fallback, oracle_age=2000ms)[0m
[96m2026-04-15 13:50:00.103 [INFO] __main__: window open price captured: 73925.68 (binance)[0m
2026-04-15 13:50:00.103 [INFO] strategy.momentum_signal: momentum_signal: waiting for full market data
2026-04-15 13:50:00.407 [INFO] market_data.clob_market_ws: CLOB market subscribed for tokens up=272233328367 down=734606343271
[2m2026-04-15 13:50:27.723 [INFO] __main__: STATUS t=272s delta=0.0341% dir=up agree=True chain=73971.00 bin=73961.89 open=73945.78 obi=0.2178 ask_up=0.64 ask_dn=0.37 bid_up=0.63 bid_dn=0.36 halted=False[0m
[2m2026-04-15 13:50:57.835 [INFO] __main__: STATUS t=242s delta=-0.0250% dir=down agree=True chain=73927.30 bin=73916.08 open=73945.78 obi=-0.2807 ask_up=0.51 ask_dn=0.50 bid_up=0.50 bid_dn=0.49 halted=False[0m
[2m2026-04-15 13:51:27.954 [INFO] __main__: STATUS t=212s delta=-0.0262% dir=down agree=True chain=73926.43 bin=73923.01 open=73945.78 obi=-0.0497 ask_up=0.47 ask_dn=0.54 bid_up=0.46 bid_dn=0.53 halted=False[0m
[2m2026-04-15 13:51:58.068 [INFO] __main__: STATUS t=182s delta=0.0023% dir=up agree=False chain=73947.47 bin=73937.21 open=73945.78 obi=-0.1808 ask_up=0.57 ask_dn=0.44 bid_up=0.56 bid_dn=0.43 halted=False[0m
2026-04-15 13:52:10.135 [INFO] strategy.momentum_signal: signal_eval rank=1 side=down latest_pct=-0.0849 stddev=0.0227 n=100 min_delta=0.09 max_var=0.050
[37m2026-04-15 13:52:10.136 [INFO] strategy.momentum_signal: [SKIP] rank=1 side=down reason=conditions_not_met latest_pct=-0.0849 need=<=-0.09 stddev=0.0227 max_var=0.050[0m
[2m2026-04-15 13:52:28.207 [INFO] __main__: STATUS t=152s delta=-0.1218% dir=down agree=True chain=73855.73 bin=73849.84 open=73945.78 obi=0.8063 ask_up=0.20 ask_dn=0.81 bid_up=0.19 bid_dn=0.80 halted=False[0m
[2m2026-04-15 13:52:58.328 [INFO] __main__: STATUS t=122s delta=-0.0977% dir=down agree=True chain=73873.57 bin=73862.93 open=73945.78 obi=0.3281 ask_up=0.21 ask_dn=0.80 bid_up=0.20 bid_dn=0.79 halted=False[0m
[2m2026-04-15 13:53:28.455 [INFO] __main__: STATUS t=92s delta=-0.0704% dir=down agree=True chain=73893.73 bin=73880.09 open=73945.78 obi=0.8582 ask_up=0.23 ask_dn=0.78 bid_up=0.22 bid_dn=0.77 halted=False[0m
[2m2026-04-15 13:53:58.570 [INFO] __main__: STATUS t=61s delta=-0.0386% dir=down agree=True chain=73917.26 bin=73909.40 open=73945.78 obi=-0.2073 ask_up=0.38 ask_dn=0.63 bid_up=0.37 bid_dn=0.62 halted=False[0m
2026-04-15 13:54:17.653 [INFO] shared.state_publisher: state_publisher: client connected from 100.100.100.100:54791
[2m2026-04-15 13:54:28.692 [INFO] __main__: STATUS t=31s delta=-0.0384% dir=down agree=True chain=73917.35 bin=73904.65 open=73945.78 obi=-0.4467 ask_up=0.30 ask_dn=0.71 bid_up=0.29 bid_dn=0.70 halted=False[0m
[2m2026-04-15 13:54:58.812 [INFO] __main__: STATUS t=1s delta=-0.1014% dir=down agree=True chain=73870.80 bin=73858.49 open=73945.78 obi=-0.4001 ask_up=0.01 ask_dn=1.00 bid_up=0.01 bid_dn=0.99 halted=False[0m
[37m2026-04-15 13:55:00.087 [INFO] execution.paper_trading: paper window_ts=1776261000 [SKIP] pnl=0.0000 direction=down outcome=down - balance=$1005.79 bid_up=0.01 ask_up=0.01 bid_dn=0.99 ask_dn=1.00[0m
[93m[1m2026-04-15 13:55:00.087 [INFO] risk.position_tracker: WINDOW_SUMMARY window_pnl=$0.0000 session_pnl=$0.0000 won=$0.0000 lost=$0.0000 wr=0.0% (0/0) consec_losses=0 (not traded)[0m
[96m2026-04-15 13:55:00.103 [INFO] strategy.window_handler: REGIME chop_detected flips=12 delta_range=0.2015% avg_flips=11.5 over=2_windows[0m
[37m2026-04-15 13:55:00.111 [INFO] strategy.window_handler: WINDOW_DECISION [SKIP] rank=1 side=down pnl=$0.0000 entry=0.00 size=$0.00 (conditions not met)[0m
[96m[1m2026-04-15 13:55:00.111 [INFO] strategy.window_tracker: new window: btc-updown-5m-1776261300 (ts=1776261300)[0m
2026-04-15 13:55:00.121 [INFO] strategy.window_tracker: Gamma priceToBeat not yet available for btc-updown-5m-1776261300 — fetching in background
[96m2026-04-15 13:55:00.171 [INFO] strategy.window_handler: REGIME vol_stddev=0.000% chop_flips=11.5 outcome=0U/2D over 2w sprt=dormant llr=0.00 age=2w bankroll=$1005.79[0m
[96m2026-04-15 13:55:00.172 [WARNING] __main__: window open price captured: 73870.93 (RTDS boundary fallback, oracle_age=1000ms)[0m
[96m2026-04-15 13:55:00.172 [INFO] __main__: window open price captured: 73848.82 (binance)[0m
2026-04-15 13:55:00.172 [INFO] strategy.momentum_signal: momentum_signal: waiting for full market data
2026-04-15 13:55:00.624 [INFO] market_data.clob_market_ws: CLOB market subscribed for tokens up=668079451588 down=326429349665
[2m2026-04-15 13:55:28.814 [INFO] __main__: STATUS t=271s delta=0.0292% dir=up agree=True chain=73892.49 bin=73888.39 open=73870.93 obi=0.9859 ask_up=0.62 ask_dn=0.39 bid_up=0.61 bid_dn=0.38 halted=False[0m
[2m2026-04-15 13:55:58.935 [INFO] __main__: STATUS t=241s delta=0.0440% dir=up agree=True chain=73903.45 bin=73889.85 open=73870.93 obi=-0.2927 ask_up=0.66 ask_dn=0.35 bid_up=0.65 bid_dn=0.34 halted=False[0m
[2m2026-04-15 13:56:29.085 [INFO] __main__: STATUS t=211s delta=0.0411% dir=up agree=True chain=73901.32 bin=73890.61 open=73870.93 obi=-0.3467 ask_up=0.68 ask_dn=0.33 bid_up=0.67 bid_dn=0.32 halted=False[0m
[2m2026-04-15 13:56:59.194 [INFO] __main__: STATUS t=181s delta=0.0528% dir=up agree=True chain=73909.92 bin=73903.74 open=73870.93 obi=0.7943 ask_up=0.76 ask_dn=0.25 bid_up=0.75 bid_dn=0.24 halted=False[0m
2026-04-15 13:57:10.237 [INFO] strategy.momentum_signal: signal_eval rank=1 side=down latest_pct=0.0772 stddev=0.0151 n=100 min_delta=0.09 max_var=0.050
[37m2026-04-15 13:57:10.237 [INFO] strategy.momentum_signal: [SKIP] rank=1 side=down reason=conditions_not_met latest_pct=0.0772 need=<=-0.09 stddev=0.0151 max_var=0.050[0m
[2m2026-04-15 13:57:29.304 [INFO] __main__: STATUS t=151s delta=0.1779% dir=up agree=True chain=74002.37 bin=73975.97 open=73870.93 obi=-0.3748 ask_up=0.96 ask_dn=0.05 bid_up=0.95 bid_dn=0.04 halted=False[0m
[2m2026-04-15 13:57:59.421 [INFO] __main__: STATUS t=121s delta=0.2099% dir=up agree=True chain=74025.97 bin=74049.99 open=73870.93 obi=0.8624 ask_up=0.98 ask_dn=0.03 bid_up=0.97 bid_dn=0.02 halted=False[0m
[2m2026-04-15 13:58:29.559 [INFO] __main__: STATUS t=90s delta=0.3191% dir=up agree=True chain=74106.64 bin=74100.17 open=73870.93 obi=0.4422 ask_up=1.00 ask_dn=0.01 bid_up=0.99 bid_dn=0.01 halted=False[0m
[2m2026-04-15 13:58:59.697 [INFO] __main__: STATUS t=60s delta=0.3408% dir=up agree=True chain=74122.66 bin=74109.11 open=73870.93 obi=-0.3363 ask_up=1.00 ask_dn=0.01 bid_up=0.99 bid_dn=0.01 halted=False[0m
[2m2026-04-15 13:59:29.848 [INFO] __main__: STATUS t=30s delta=0.2942% dir=up agree=True chain=74088.28 bin=74074.03 open=73870.93 obi=0.1463 ask_up=1.00 ask_dn=0.00 bid_up=1.00 bid_dn=0.00 halted=False[0m
[2m2026-04-15 13:59:59.990 [INFO] __main__: STATUS t=0s delta=0.2712% dir=up agree=True chain=74071.30 bin=74063.92 open=73870.93 obi=-0.9761 ask_up=1.00 ask_dn=0.00 bid_up=1.00 bid_dn=0.00 halted=False[0m
[37m2026-04-15 14:00:00.241 [INFO] execution.paper_trading: paper window_ts=1776261300 [SKIP] pnl=0.0000 direction=up outcome=up - balance=$1005.79 bid_up=1.00 ask_up=1.00 bid_dn=0.00 ask_dn=0.00[0m
[93m[1m2026-04-15 14:00:00.241 [INFO] risk.position_tracker: WINDOW_SUMMARY window_pnl=$0.0000 session_pnl=$0.0000 won=$0.0000 lost=$0.0000 wr=0.0% (0/0) consec_losses=0 (not traded)[0m
[37m2026-04-15 14:00:00.262 [INFO] strategy.window_handler: WINDOW_DECISION [SKIP] rank=1 side=down pnl=$0.0000 entry=0.00 size=$0.00 (conditions not met)[0m
[96m[1m2026-04-15 14:00:00.262 [INFO] strategy.window_tracker: new window: btc-updown-5m-1776261600 (ts=1776261600)[0m
2026-04-15 14:00:00.272 [INFO] strategy.window_tracker: Gamma priceToBeat not yet available for btc-updown-5m-1776261600 — fetching in background
[96m2026-04-15 14:00:00.334 [INFO] strategy.window_handler: REGIME vol_stddev=0.000% chop_flips=8.0 outcome=1U/2D over 3w sprt=dormant llr=0.00 age=3w bankroll=$1005.79[0m
[96m2026-04-15 14:00:00.334 [INFO] strategy.window_handler: KELLY wr_adj=84.0% base=94.2% total_disc=7.2% vol=0.0% chop=60.0% outcome=0.0% feedback=+0.0%[0m
[96m2026-04-15 14:00:00.336 [WARNING] __main__: window open price captured: 74071.30 (RTDS boundary fallback, oracle_age=2000ms)[0m
[96m2026-04-15 14:00:00.349 [INFO] __main__: window open price captured: 74054.00 (binance)[0m
2026-04-15 14:00:00.373 [INFO] strategy.momentum_signal: momentum_signal: waiting for full market data
2026-04-15 14:00:00.878 [INFO] market_data.clob_market_ws: CLOB market subscribed for tokens up=470115441509 down=105421546582
[2m2026-04-15 14:00:30.011 [INFO] __main__: STATUS t=270s delta=-0.1042% dir=down agree=True chain=73994.14 bin=73978.61 open=74071.30 obi=0.9900 ask_up=0.24 ask_dn=0.77 bid_up=0.23 bid_dn=0.76 halted=False[0m
[2m2026-04-15 14:01:00.125 [INFO] __main__: STATUS t=240s delta=-0.1421% dir=down agree=True chain=73966.05 bin=73972.18 open=74071.30 obi=0.3435 ask_up=0.19 ask_dn=0.82 bid_up=0.18 bid_dn=0.81 halted=False[0m
2026-04-15 14:01:03.433 [INFO] shared.ipc: IPC: received authenticated signal_update (summary=signals_summary_1776261664.json)
2026-04-15 14:01:03.433 [INFO] __main__: received new signal from orchestrator: rank=1 side=Down
[2m2026-04-15 14:01:30.311 [INFO] __main__: STATUS t=210s delta=-0.0882% dir=down agree=True chain=74005.94 bin=73988.91 open=74071.30 obi=-0.9380 ask_up=0.24 ask_dn=0.77 bid_up=0.23 bid_dn=0.76 halted=False[0m
