2026-04-15 16:45:49.967 [INFO    ] orchestrator: logging initialized — level=INFO file=C:\Users\operator\Desktop\PolySignalLab\SignalOrchestrator\logs\orchestrator.log
2026-04-15 16:45:49.968 [INFO    ] shared.keystore: credential backend: Windows Credential Manager (DPAPI) — secrets encrypted at rest, tied to user account
2026-04-15 16:45:49.970 [INFO    ] shared.keystore: HMAC key loaded from Windows Credential Manager
2026-04-15 16:45:49.970 [INFO    ] orchestrator: orchestrator started — interval=15m min_windows=400 min_score=4.00
2026-04-15 16:45:49.971 [INFO    ] orchestrator: --- cycle start [13:45:49 UTC] ---
2026-04-15 16:45:49.978 [INFO    ] orchestrator: data quality check passed: 600 windows available
2026-04-15 16:45:49.979 [INFO    ] orchestrator: starting engine: C:\Users\operator\Desktop\PolySignalLab\PolySignalEngine\build\Release\PolySignalEngine.exe C:\Users\operator\Desktop\PolySignalLab\PolyDataCollector\data --output-dir C:\Users\operator\Desktop\PolySignalLab\engine_output
2026-04-15 16:45:56.519 [INFO    ] orchestrator: engine: ==========================================================
2026-04-15 16:45:56.519 [INFO    ] orchestrator: engine:   SUMMARY
2026-04-15 16:45:56.520 [INFO    ] orchestrator: engine: ==========================================================
2026-04-15 16:45:56.520 [INFO    ] orchestrator: engine:   Total windows:         600 (306 UP, 294 DOWN)
2026-04-15 16:45:56.520 [INFO    ] orchestrator: engine:   Walk-forward folds:    8 (6 test iterations)
2026-04-15 16:45:56.521 [INFO    ] orchestrator: engine:   OOS base rate:         49.8% UP (450 test windows total)
2026-04-15 16:45:56.521 [INFO    ] orchestrator: engine:   Configs swept:         150480
2026-04-15 16:45:56.521 [INFO    ] orchestrator: engine:   Viable WF-OOS signals: 143
2026-04-15 16:45:56.522 [INFO    ] orchestrator: engine:   Compute time:          5.13s
2026-04-15 16:45:56.522 [INFO    ] orchestrator: engine: ==========================================================
2026-04-15 16:45:56.523 [INFO    ] orchestrator: engine produced: signals_summary_1776260756.json
2026-04-15 16:45:56.524 [INFO    ] orchestrator: cleaned up old summary: signals_summary_1776245678.json
2026-04-15 16:45:56.524 [INFO    ] orchestrator: ranked 20 signals — top candidates:
2026-04-15 16:45:56.525 [INFO    ] orchestrator:   #1 DOWN  score=  5.30  BRONZE  folds=4/6  WR=94.2%  consWR=91.2%  entry=$0.83  ev=$0.0783
2026-04-15 16:45:56.525 [INFO    ] orchestrator:   #2 DOWN  score=  4.96  BRONZE  folds=3/6  WR=97.6%  consWR=94.6%  entry=$0.86  ev=$0.0857
2026-04-15 16:45:56.525 [INFO    ] orchestrator:   #3 DOWN  score=  4.95  BRONZE  folds=4/6  WR=96.7%  consWR=93.7%  entry=$0.87  ev=$0.0623
2026-04-15 16:45:56.526 [INFO    ] orchestrator:   #4 DOWN  score=  4.54  BRONZE  folds=4/6  WR=97.3%  consWR=94.3%  entry=$0.88  ev=$0.0584
2026-04-15 16:45:56.526 [INFO    ] orchestrator:   #5 UP    score=  4.54  GOLDEN  folds=6/6  WR=94.1%  consWR=91.1%  entry=$0.86  ev=$0.0497
2026-04-15 16:45:56.959 [INFO    ] orchestrator: identity dedupe: pulled 0 paper fire(s) from bot
2026-04-15 16:45:56.960 [INFO    ] orchestrator: DELIVERING BRONZE signal: #1 Down [270s->170s] d>=0.09% v<=0.05%
2026-04-15 16:45:56.960 [INFO    ] orchestrator:   score=5.30  WR=94.2%  consWR=91.2%  entry=$0.83  ev=$0.0783  folds=[3, 4, 5, 7]
2026-04-15 16:45:57.123 [INFO    ] shared.ipc: IPC: signal delivered successfully (authenticated ack)
2026-04-15 16:45:57.124 [INFO    ] orchestrator: bronze signal delivered to bot
2026-04-15 17:00:57.131 [INFO    ] orchestrator: --- cycle start [14:00:57 UTC] ---
2026-04-15 17:00:57.140 [INFO    ] orchestrator: data quality check passed: 600 windows available
2026-04-15 17:00:57.140 [INFO    ] orchestrator: starting engine: C:\Users\operator\Desktop\PolySignalLab\PolySignalEngine\build\Release\PolySignalEngine.exe C:\Users\operator\Desktop\PolySignalLab\PolyDataCollector\data --output-dir C:\Users\operator\Desktop\PolySignalLab\engine_output
2026-04-15 17:01:04.085 [INFO    ] orchestrator: engine: ==========================================================
2026-04-15 17:01:04.086 [INFO    ] orchestrator: engine:   SUMMARY
2026-04-15 17:01:04.086 [INFO    ] orchestrator: engine: ==========================================================
2026-04-15 17:01:04.087 [INFO    ] orchestrator: engine:   Total windows:         600 (305 UP, 295 DOWN)
2026-04-15 17:01:04.087 [INFO    ] orchestrator: engine:   Walk-forward folds:    8 (6 test iterations)
2026-04-15 17:01:04.087 [INFO    ] orchestrator: engine:   OOS base rate:         49.6% UP (450 test windows total)
2026-04-15 17:01:04.088 [INFO    ] orchestrator: engine:   Configs swept:         150480
2026-04-15 17:01:04.088 [INFO    ] orchestrator: engine:   Viable WF-OOS signals: 146
2026-04-15 17:01:04.088 [INFO    ] orchestrator: engine:   Compute time:          5.58s
2026-04-15 17:01:04.089 [INFO    ] orchestrator: engine: ==========================================================
2026-04-15 17:01:04.089 [INFO    ] orchestrator: engine produced: signals_summary_1776261664.json
2026-04-15 17:01:04.090 [INFO    ] orchestrator: cleaned up old summary: signals_summary_1776246585.json
2026-04-15 17:01:04.091 [INFO    ] orchestrator: ranked 20 signals — top candidates:
2026-04-15 17:01:04.091 [INFO    ] orchestrator:   #1 DOWN  score=  5.39  BRONZE  folds=4/6  WR=94.2%  consWR=91.2%  entry=$0.83  ev=$0.0796
2026-04-15 17:01:04.091 [INFO    ] orchestrator:   #2 DOWN  score=  4.95  BRONZE  folds=4/6  WR=96.7%  consWR=93.7%  entry=$0.87  ev=$0.0623
2026-04-15 17:01:04.092 [INFO    ] orchestrator:   #3 UP    score=  4.94  BRONZE  folds=4/6  WR=96.0%  consWR=93.0%  entry=$0.87  ev=$0.0644
2026-04-15 17:01:04.092 [INFO    ] orchestrator:   #4 DOWN  score=  4.92  BRONZE  folds=4/6  WR=95.1%  consWR=92.1%  entry=$0.86  ev=$0.0613
2026-04-15 17:01:04.092 [INFO    ] orchestrator:   #5 UP    score=  4.85  GOLDEN  folds=6/6  WR=94.3%  consWR=91.3%  entry=$0.86  ev=$0.0531
2026-04-15 17:01:04.257 [INFO    ] orchestrator: identity dedupe: pulled 0 paper fire(s) from bot
2026-04-15 17:01:04.258 [INFO    ] orchestrator: DELIVERING BRONZE signal: #1 Down [270s->170s] d>=0.09% v<=0.05%
2026-04-15 17:01:04.259 [INFO    ] orchestrator:   score=5.39  WR=94.2%  consWR=91.2%  entry=$0.83  ev=$0.0796  folds=[3, 4, 5, 7]
2026-04-15 17:01:04.423 [INFO    ] shared.ipc: IPC: signal delivered successfully (authenticated ack)
2026-04-15 17:01:04.423 [INFO    ] orchestrator: bronze signal delivered to bot
